------------------------------------------------------------
TimeQuest Timing Analyzer Summary
------------------------------------------------------------

Type  : Slow 1200mV 85C Model Setup 'm_lab8_soc|sdram_pll|sd1|pll7|clk[0]'
Slack : 3.141
TNS   : 0.000

Type  : Slow 1200mV 85C Model Setup 'main_clk_50'
Slack : 4.860
TNS   : 0.000

Type  : Slow 1200mV 85C Model Setup 'altera_reserved_tck'
Slack : 46.112
TNS   : 0.000

Type  : Slow 1200mV 85C Model Hold 'main_clk_50'
Slack : 0.352
TNS   : 0.000

Type  : Slow 1200mV 85C Model Hold 'altera_reserved_tck'
Slack : 0.403
TNS   : 0.000

Type  : Slow 1200mV 85C Model Hold 'm_lab8_soc|sdram_pll|sd1|pll7|clk[0]'
Slack : 0.404
TNS   : 0.000

Type  : Slow 1200mV 85C Model Recovery 'main_clk_50'
Slack : 12.088
TNS   : 0.000

Type  : Slow 1200mV 85C Model Recovery 'm_lab8_soc|sdram_pll|sd1|pll7|clk[0]'
Slack : 13.544
TNS   : 0.000

Type  : Slow 1200mV 85C Model Recovery 'altera_reserved_tck'
Slack : 47.936
TNS   : 0.000

Type  : Slow 1200mV 85C Model Removal 'altera_reserved_tck'
Slack : 1.191
TNS   : 0.000

Type  : Slow 1200mV 85C Model Removal 'main_clk_50'
Slack : 1.472
TNS   : 0.000

Type  : Slow 1200mV 85C Model Removal 'm_lab8_soc|sdram_pll|sd1|pll7|clk[0]'
Slack : 5.235
TNS   : 0.000

Type  : Slow 1200mV 85C Model Minimum Pulse Width 'main_clk_50'
Slack : 9.628
TNS   : 0.000

Type  : Slow 1200mV 85C Model Minimum Pulse Width 'm_lab8_soc|sdram_pll|sd1|pll7|clk[0]'
Slack : 9.707
TNS   : 0.000

Type  : Slow 1200mV 85C Model Minimum Pulse Width 'altera_reserved_tck'
Slack : 49.617
TNS   : 0.000

Type  : Slow 1200mV 0C Model Setup 'm_lab8_soc|sdram_pll|sd1|pll7|clk[0]'
Slack : 3.692
TNS   : 0.000

Type  : Slow 1200mV 0C Model Setup 'main_clk_50'
Slack : 6.000
TNS   : 0.000

Type  : Slow 1200mV 0C Model Setup 'altera_reserved_tck'
Slack : 46.533
TNS   : 0.000

Type  : Slow 1200mV 0C Model Hold 'm_lab8_soc|sdram_pll|sd1|pll7|clk[0]'
Slack : 0.353
TNS   : 0.000

Type  : Slow 1200mV 0C Model Hold 'main_clk_50'
Slack : 0.353
TNS   : 0.000

Type  : Slow 1200mV 0C Model Hold 'altera_reserved_tck'
Slack : 0.355
TNS   : 0.000

Type  : Slow 1200mV 0C Model Recovery 'main_clk_50'
Slack : 12.737
TNS   : 0.000

Type  : Slow 1200mV 0C Model Recovery 'm_lab8_soc|sdram_pll|sd1|pll7|clk[0]'
Slack : 14.046
TNS   : 0.000

Type  : Slow 1200mV 0C Model Recovery 'altera_reserved_tck'
Slack : 48.224
TNS   : 0.000

Type  : Slow 1200mV 0C Model Removal 'altera_reserved_tck'
Slack : 1.088
TNS   : 0.000

Type  : Slow 1200mV 0C Model Removal 'main_clk_50'
Slack : 1.346
TNS   : 0.000

Type  : Slow 1200mV 0C Model Removal 'm_lab8_soc|sdram_pll|sd1|pll7|clk[0]'
Slack : 4.656
TNS   : 0.000

Type  : Slow 1200mV 0C Model Minimum Pulse Width 'main_clk_50'
Slack : 9.646
TNS   : 0.000

Type  : Slow 1200mV 0C Model Minimum Pulse Width 'm_lab8_soc|sdram_pll|sd1|pll7|clk[0]'
Slack : 9.709
TNS   : 0.000

Type  : Slow 1200mV 0C Model Minimum Pulse Width 'altera_reserved_tck'
Slack : 49.563
TNS   : 0.000

Type  : Fast 1200mV 0C Model Setup 'm_lab8_soc|sdram_pll|sd1|pll7|clk[0]'
Slack : 5.328
TNS   : 0.000

Type  : Fast 1200mV 0C Model Setup 'main_clk_50'
Slack : 10.903
TNS   : 0.000

Type  : Fast 1200mV 0C Model Setup 'altera_reserved_tck'
Slack : 48.279
TNS   : 0.000

Type  : Fast 1200mV 0C Model Hold 'main_clk_50'
Slack : 0.148
TNS   : 0.000

Type  : Fast 1200mV 0C Model Hold 'm_lab8_soc|sdram_pll|sd1|pll7|clk[0]'
Slack : 0.181
TNS   : 0.000

Type  : Fast 1200mV 0C Model Hold 'altera_reserved_tck'
Slack : 0.183
TNS   : 0.000

Type  : Fast 1200mV 0C Model Recovery 'main_clk_50'
Slack : 14.010
TNS   : 0.000

Type  : Fast 1200mV 0C Model Recovery 'm_lab8_soc|sdram_pll|sd1|pll7|clk[0]'
Slack : 16.576
TNS   : 0.000

Type  : Fast 1200mV 0C Model Recovery 'altera_reserved_tck'
Slack : 49.163
TNS   : 0.000

Type  : Fast 1200mV 0C Model Removal 'altera_reserved_tck'
Slack : 0.573
TNS   : 0.000

Type  : Fast 1200mV 0C Model Removal 'main_clk_50'
Slack : 0.703
TNS   : 0.000

Type  : Fast 1200mV 0C Model Removal 'm_lab8_soc|sdram_pll|sd1|pll7|clk[0]'
Slack : 2.648
TNS   : 0.000

Type  : Fast 1200mV 0C Model Minimum Pulse Width 'main_clk_50'
Slack : 9.374
TNS   : 0.000

Type  : Fast 1200mV 0C Model Minimum Pulse Width 'm_lab8_soc|sdram_pll|sd1|pll7|clk[0]'
Slack : 9.779
TNS   : 0.000

Type  : Fast 1200mV 0C Model Minimum Pulse Width 'altera_reserved_tck'
Slack : 49.471
TNS   : 0.000

------------------------------------------------------------
